задание: 2.1.6
проект: 211-command-usb
устройство: 2e8a:000a
серийный номер: 500315192871A70C
порт: COM5
начало: 2026-09-26T15:08:44
   0.000 --> boot_info
   0.201 <-- boot_info
   0.203 <-- vector table   0x10000100
   0.204 <-- stack top    0x20042000
   0.205 <-- reset        0x100001f7
   0.206 <-- reset (even) 0x100001f6
   0.207 <-- gpio in        0xd0000004
   0.208 <-- led bit      0
   0.209 <-- gpio_get     0
   2.255 --> enable
   2.382 <-- enable
   2.383 <-- inf cmd_enable:18 led on
   4.418 --> boot_info
   4.602 <-- boot_info
   4.603 <-- vector table   0x10000100
   4.604 <-- stack top    0x20042000
   4.604 <-- reset        0x100001f7
   4.605 <-- reset (even) 0x100001f6
   4.605 <-- gpio in        0xd0000004
   4.605 <-- led bit      1
   4.606 <-- gpio_get     1
   6.646 --> disable
   6.803 <-- disable
   6.804 <-- inf cmd_disable:23 led off
   8.838 --> boot_info
   9.024 <-- boot_info
   9.025 <-- vector table   0x10000100
   9.027 <-- stack top    0x20042000
   9.028 <-- reset        0x100001f7
   9.028 <-- reset (even) 0x100001f6
   9.029 <-- gpio in        0xd0000004
   9.029 <-- led bit      0
   9.031 <-- gpio_get     0
итог: отправлено команд 5, принято строк 28
