задание: 2.1.2
проект: 211-command-usb
устройство: 2e8a:000a
серийный номер: 500315192871A70C
порт: COM5
начало: 2026-09-26T10:51:44
   0.000 --> enable
   0.131 <-- enable
   0.133 <-- dbg read_line:84 got enable
   0.134 <-- inf cmd_enable:18 led on
   2.164 --> disable
   2.312 <-- disable
   2.313 <-- dbg read_line:84 got disable
   2.314 <-- inf cmd_disable:23 led off
   4.351 --> info
   4.433 <-- info
   4.434 <-- dbg read_line:84 got info
   4.435 <-- project: 211-command-usb
   4.437 <-- repo: https://github.com/lelek-5/es-student
   4.437 <-- board: pico
   4.438 <-- serial: 500315192871A70C
   4.439 <-- chip: manufacturer 0x927, part 0x0002, revision 2
   4.439 <-- pico-sdk: 2.3.0
   6.461 --> ping
   6.553 <-- ping
   6.554 <-- dbg read_line:84 got ping
   6.554 <-- pong
   8.595 --> nosuchcommand
   8.875 <-- nosuchcommand
   8.876 <-- dbg read_line:84 got nosuchcommand
   8.878 <-- err handle_command:63 unknown command: nosuchcommand
итог: отправлено команд 5, принято строк 20
