задание: 2.1.1
проект: 211-command-usb
устройство: 2e8a:000a
серийный номер: 500315192871A70C
порт: COM5
начало: 2026-09-26T09:31:47
   0.000 --> enable
   0.137 <-- enable
   0.138 <-- dbg read_line:48 got enable
   0.140 <-- inf handle_command:23 led on
   2.180 --> disable
   2.338 <-- disable
   2.339 <-- dbg read_line:48 got disable
   2.341 <-- inf handle_command:26 led off
   4.373 --> info
   4.459 <-- info
   4.459 <-- dbg read_line:48 got info
   4.461 <-- project: 211-command-usb
   4.463 <-- repo: https://github.com/lelek-5/es-student
   4.463 <-- board: pico
   4.464 <-- serial: 500315192871A70C
   4.466 <-- chip: manufacturer 0x927, part 0x0002, revision 2
   4.466 <-- pico-sdk: 2.3.0
   6.510 --> nosuchcommand
   6.780 <-- nosuchcommand
   6.781 <-- dbg read_line:48 got nosuchcommand
   6.782 <-- err handle_command:32 unknown command: nosuchcommand
итог: отправлено команд 4, принято строк 17
